// Jest Snapshot v1, https://goo.gl/fbAQLP

exports[`App should render something 1`] = `
<h1>
  Hello World!
</h1>
`;
